2026-06-07T22:22:10.151034913 [anonymous-instance:main] Running Firecracker v1.9.1
2026-06-07T22:22:10.171146205 [anonymous-instance:fc_api] The API server received a Put request on "/boot-source" with body "{\"kernel_image_path\":\"demo/assets/vmlinux\",\"boot_args\":\"console=ttyS0 reboot=k panic=1 pci=off init=/sbin/init.agent ollama_host=192.168.1.165:11434 ollama_model=devstral-small-2:latest guest_script=reprovision-demo\"}".
2026-06-07T22:22:10.171230605 [anonymous-instance:fc_api] The request was executed successfully. Status code: 204 No Content.
2026-06-07T22:22:10.171387017 [anonymous-instance:fc_api] The API server received a Put request on "/drives/rootfs" with body "{\"drive_id\":\"rootfs\",\"path_on_host\":\"demo/assets/rootfs.ext4\",\"is_root_device\":true,\"is_read_only\":false}".
2026-06-07T22:22:10.171441836 [anonymous-instance:fc_api] The request was executed successfully. Status code: 204 No Content.
2026-06-07T22:22:10.171509140 [anonymous-instance:fc_api] The API server received a Put request on "/network-interfaces/eth0" with body "{\"iface_id\":\"eth0\",\"host_dev_name\":\"tap-lex0\"}".
2026-06-07T22:22:10.171848147 [anonymous-instance:fc_api] The request was executed successfully. Status code: 204 No Content.
2026-06-07T22:22:10.171933890 [anonymous-instance:fc_api] The API server received a Put request on "/vsock" with body "{\"guest_cid\":3,\"uds_path\":\"/tmp/firecracker-lex-os-vsock.sock\"}".
2026-06-07T22:22:10.172037752 [anonymous-instance:fc_api] The request was executed successfully. Status code: 204 No Content.
2026-06-07T22:22:10.172104022 [anonymous-instance:fc_api] The API server received a Put request on "/actions" with body "{\"action_type\":\"InstanceStart\"}".
2026-06-07T22:22:10.181675786 [anonymous-instance:main] Artificially kick devices.
2026-06-07T22:22:10.181794198 [anonymous-instance:fc_vcpu 0] Received a VcpuEvent::Resume message with immediate_exit enabled. immediate_exit was disabled before proceeding
2026-06-07T22:22:10.181821021 [anonymous-instance:fc_api] The request was executed successfully. Status code: 204 No Content.
[    0.000000] Linux version 4.14.174 (@57edebb99db7) (gcc version 7.5.0 (Ubuntu 7.5.0-3ubuntu1~18.04)) #2 SMP Wed Jul 14 11:47:24 UTC 2021
[    0.000000] Command line: console=ttyS0 reboot=k panic=1 pci=off init=/sbin/init.agent ollama_host=192.168.1.165:11434 ollama_model=devstral-small-2:latest guest_script=reprovision-demo root=/dev/vda rw virtio_mmio.device=4K@0xd0000000:5 virtio_mmio.device=4K@0xd0001000:6 virtio_mmio.device=4K@0xd0002000:7
[    0.000000] x86/fpu: Supporting XSAVE feature 0x001: 'x87 floating point registers'
[    0.000000] x86/fpu: Supporting XSAVE feature 0x002: 'SSE registers'
[    0.000000] x86/fpu: Supporting XSAVE feature 0x004: 'AVX registers'
[    0.000000] x86/fpu: Supporting XSAVE feature 0x200: 'Protection Keys User registers'
[    0.000000] x86/fpu: xstate_offset[2]:  576, xstate_sizes[2]:  256
[    0.000000] x86/fpu: xstate_offset[9]:  832, xstate_sizes[9]:    8
[    0.000000] x86/fpu: Enabled xstate features 0x207, context size is 840 bytes, using 'compacted' format.
[    0.000000] e820: BIOS-provided physical RAM map:
[    0.000000] BIOS-e820: [mem 0x0000000000000000-0x000000000009fbff] usable
[    0.000000] BIOS-e820: [mem 0x000000000009fc00-0x00000000000dffff] reserved
[    0.000000] BIOS-e820: [mem 0x0000000000100000-0x0000000007ffffff] usable
[    0.000000] NX (Execute Disable) protection: active
[    0.000000] DMI not present or invalid.
[    0.000000] Hypervisor detected: KVM
[    0.000000] tsc: Fast TSC calibration using PIT
[    0.000000] e820: last_pfn = 0x8000 max_arch_pfn = 0x400000000
[    0.000000] MTRR: Disabled
[    0.000000] x86/PAT: MTRRs disabled, skipping PAT initialization too.
[    0.000000] CPU MTRRs all blank - virtualized system.
[    0.000000] x86/PAT: Configuration [0-7]: WB  WT  UC- UC  WB  WT  UC- UC  
[    0.000000] found SMP MP-table at [mem 0x0009fc00-0x0009fc0f]
[    0.000000] Scanning 1 areas for low memory corruption
[    0.000000] Using GB pages for direct mapping
[    0.000000] No NUMA configuration found
[    0.000000] Faking a node at [mem 0x0000000000000000-0x0000000007ffffff]
[    0.000000] NODE_DATA(0) allocated [mem 0x07fde000-0x07ffffff]
[    0.000000] kvm-clock: Using msrs 4b564d01 and 4b564d00
[    0.000000] kvm-clock: cpu 0, msr 0:7fdc001, primary cpu clock
[    0.000000] kvm-clock: using sched offset of 28958068 cycles
[    0.000000] clocksource: kvm-clock: mask: 0xffffffffffffffff max_cycles: 0x1cd42e4dffb, max_idle_ns: 881590591483 ns
[    0.000000] Zone ranges:
[    0.000000]   DMA      [mem 0x0000000000001000-0x0000000000ffffff]
[    0.000000]   DMA32    [mem 0x0000000001000000-0x0000000007ffffff]
[    0.000000]   Normal   empty
[    0.000000] Movable zone start for each node
[    0.000000] Early memory node ranges
[    0.000000]   node   0: [mem 0x0000000000001000-0x000000000009efff]
[    0.000000]   node   0: [mem 0x0000000000100000-0x0000000007ffffff]
[    0.000000] Initmem setup node 0 [mem 0x0000000000001000-0x0000000007ffffff]
[    0.000000] Intel MultiProcessor Specification v1.4
[    0.000000] MPTABLE: OEM ID: FC      
[    0.000000] MPTABLE: Product ID: 000000000000
[    0.000000] MPTABLE: APIC at: 0xFEE00000
[    0.000000] Processor #0 (Bootup-CPU)
[    0.000000] IOAPIC[0]: apic_id 2, version 17, address 0xfec00000, GSI 0-23
[    0.000000] Processors: 1
[    0.000000] smpboot: Allowing 1 CPUs, 0 hotplug CPUs
[    0.000000] PM: Registered nosave memory: [mem 0x00000000-0x00000fff]
[    0.000000] PM: Registered nosave memory: [mem 0x0009f000-0x0009ffff]
[    0.000000] PM: Registered nosave memory: [mem 0x000a0000-0x000dffff]
[    0.000000] PM: Registered nosave memory: [mem 0x000e0000-0x000fffff]
[    0.000000] e820: [mem 0x08000000-0xffffffff] available for PCI devices
[    0.000000] Booting paravirtualized kernel on KVM
[    0.000000] clocksource: refined-jiffies: mask: 0xffffffff max_cycles: 0xffffffff, max_idle_ns: 7645519600211568 ns
[    0.000000] random: get_random_bytes called from start_kernel+0x94/0x486 with crng_init=0
[    0.000000] setup_percpu: NR_CPUS:128 nr_cpumask_bits:128 nr_cpu_ids:1 nr_node_ids:1
[    0.000000] percpu: Embedded 41 pages/cpu s128600 r8192 d31144 u2097152
[    0.000000] KVM setup async PF for cpu 0
[    0.000000] kvm-stealtime: cpu 0, msr 7c15040
[    0.000000] PV qspinlock hash table entries: 256 (order: 0, 4096 bytes)
[    0.000000] Built 1 zonelists, mobility grouping on.  Total pages: 32137
[    0.000000] Policy zone: DMA32
[    0.000000] Kernel command line: console=ttyS0 reboot=k panic=1 pci=off init=/sbin/init.agent ollama_host=192.168.1.165:11434 ollama_model=devstral-small-2:latest guest_script=reprovision-demo root=/dev/vda rw virtio_mmio.device=4K@0xd0000000:5 virtio_mmio.device=4K@0xd0001000:6 virtio_mmio.device=4K@0xd0002000:7
[    0.000000] PID hash table entries: 512 (order: 0, 4096 bytes)
[    0.000000] Memory: 111016K/130680K available (8204K kernel code, 645K rwdata, 1480K rodata, 1324K init, 2792K bss, 19664K reserved, 0K cma-reserved)
[    0.000000] SLUB: HWalign=64, Order=0-3, MinObjects=0, CPUs=1, Nodes=1
[    0.004000] Hierarchical RCU implementation.
[    0.004000] 	RCU restricting CPUs from NR_CPUS=128 to nr_cpu_ids=1.
[    0.004000] RCU: Adjusting geometry for rcu_fanout_leaf=16, nr_cpu_ids=1
[    0.004000] NR_IRQS: 4352, nr_irqs: 48, preallocated irqs: 16
[    0.004000] Console: colour dummy device 80x25
[    0.004000] console [ttyS0] enabled
[    0.004000] tsc: Detected 2496.000 MHz processor
[    0.004000] Calibrating delay loop (skipped) preset value.. 4992.00 BogoMIPS (lpj=9984000)
[    0.004000] pid_max: default: 32768 minimum: 301
[    0.004000] Security Framework initialized
[    0.004000] SELinux:  Initializing.
[    0.004000] Dentry cache hash table entries: 16384 (order: 5, 131072 bytes)
[    0.004000] Inode-cache hash table entries: 8192 (order: 4, 65536 bytes)
[    0.004000] Mount-cache hash table entries: 512 (order: 0, 4096 bytes)
[    0.004000] Mountpoint-cache hash table entries: 512 (order: 0, 4096 bytes)
[    0.004451] Last level iTLB entries: 4KB 0, 2MB 0, 4MB 0
[    0.004846] Last level dTLB entries: 4KB 0, 2MB 0, 4MB 0, 1GB 0
[    0.005273] Spectre V1 : Mitigation: usercopy/swapgs barriers and __user pointer sanitization
[    0.005878] Spectre V2 : Mitigation: Enhanced IBRS
[    0.006231] Spectre V2 : Spectre v2 / SpectreRSB mitigation: Filling RSB on context switch
[    0.006837] Spectre V2 : mitigation: Enabling conditional Indirect Branch Prediction Barrier
[    0.007439] Speculative Store Bypass: Mitigation: Speculative Store Bypass disabled via prctl and seccomp
[    0.016694] Freeing SMP alternatives memory: 28K
[    0.017799] smpboot: Max logical packages: 1
[    0.018292] x2apic enabled
[    0.018676] Switched APIC routing to physical x2apic.
[    0.019866] ..TIMER: vector=0x30 apic1=0 pin1=0 apic2=-1 pin2=-1
[    0.020000] smpboot: CPU0: Intel(R) Xeon(R) Processor (family: 0x6, model: 0x9a, stepping: 0x3)
[    0.020000] Performance Events: unsupported p6 CPU model 154 no PMU driver, software events only.
[    0.020000] Hierarchical SRCU implementation.
[    0.020000] smp: Bringing up secondary CPUs ...
[    0.020000] smp: Brought up 1 node, 1 CPU
[    0.020000] smpboot: Total of 1 processors activated (4992.00 BogoMIPS)
[    0.020000] devtmpfs: initialized
[    0.020000] x86/mm: Memory block size: 128MB
[    0.020009] clocksource: jiffies: mask: 0xffffffff max_cycles: 0xffffffff, max_idle_ns: 7645041785100000 ns
[    0.020688] futex hash table entries: 256 (order: 2, 16384 bytes)
[    0.021254] NET: Registered protocol family 16
[    0.021672] cpuidle: using governor ladder
[    0.021961] cpuidle: using governor menu
[    0.025732] HugeTLB registered 1.00 GiB page size, pre-allocated 0 pages
[    0.026205] HugeTLB registered 2.00 MiB page size, pre-allocated 0 pages
[    0.026806] SCSI subsystem initialized
[    0.027087] pps_core: LinuxPPS API ver. 1 registered
[    0.027511] pps_core: Software ver. 5.3.6 - Copyright 2005-2007 Rodolfo Giometti <giometti@linux.it>
[    0.028008] PTP clock support registered
[    0.028296] dmi: Firmware registration failed.
[    0.028669] NetLabel: Initializing
[    0.028912] NetLabel:  domain hash size = 128
[    0.029223] NetLabel:  protocols = UNLABELED CIPSOv4 CALIPSO
[    0.029633] NetLabel:  unlabeled traffic allowed by default
[    0.030118] clocksource: Switched to clocksource kvm-clock
[    0.030521] VFS: Disk quotas dquot_6.6.0
[    0.030806] VFS: Dquot-cache hash table entries: 512 (order 0, 4096 bytes)
[    0.031998] NET: Registered protocol family 2
[    0.031998] TCP established hash table entries: 1024 (order: 1, 8192 bytes)
[    0.031998] TCP bind hash table entries: 1024 (order: 2, 16384 bytes)
[    0.031998] TCP: Hash tables configured (established 1024 bind 1024)
[    0.032006] UDP hash table entries: 256 (order: 1, 8192 bytes)
[    0.032416] UDP-Lite hash table entries: 256 (order: 1, 8192 bytes)
[    0.032868] NET: Registered protocol family 1
[    0.033247] virtio-mmio: Registering device virtio-mmio.0 at 0xd0000000-0xd0000fff, IRQ 5.
[    0.033829] virtio-mmio: Registering device virtio-mmio.1 at 0xd0001000-0xd0001fff, IRQ 6.
[    0.034410] virtio-mmio: Registering device virtio-mmio.2 at 0xd0002000-0xd0002fff, IRQ 7.
[    0.035005] clocksource: tsc: mask: 0xffffffffffffffff max_cycles: 0x23fa772cf26, max_idle_ns: 440795269835 ns
[    0.035734] platform rtc_cmos: registered platform RTC device (no PNP device found)
[    0.036684] Scanning for low memory corruption every 60 seconds
[    0.037201] audit: initializing netlink subsys (disabled)
[    0.037740] Initialise system trusted keyrings
[    0.038060] Key type blacklist registered
[    0.038373] audit: type=2000 audit(1780863730.250:1): state=initialized audit_enabled=0 res=1
[    0.038993] workingset: timestamp_bits=36 max_order=15 bucket_order=0
[    0.040491] squashfs: version 4.0 (2009/01/31) Phillip Lougher
[    0.042007] Key type asymmetric registered
[    0.042338] Asymmetric key parser 'x509' registered
[    0.042689] Block layer SCSI generic (bsg) driver version 0.4 loaded (major 252)
[    0.043238] io scheduler noop registered (default)
[    0.043594] io scheduler cfq registered
[    0.043916] virtio-mmio virtio-mmio.0: Failed to enable 64-bit or 32-bit DMA.  Trying to continue, but this might not work.
[    0.044742] virtio-mmio virtio-mmio.1: Failed to enable 64-bit or 32-bit DMA.  Trying to continue, but this might not work.
[    0.045559] virtio-mmio virtio-mmio.2: Failed to enable 64-bit or 32-bit DMA.  Trying to continue, but this might not work.
[    0.046407] Serial: 8250/16550 driver, 1 ports, IRQ sharing disabled
[    0.067974] serial8250: ttyS0 at I/O 0x3f8 (irq = 4, base_baud = 115200) is a U6_16550A
[    0.069698] loop: module loaded
[    0.070397] Loading iSCSI transport class v2.0-870.
[    0.070803] iscsi: registered transport (tcp)
[    0.071104] tun: Universal TUN/TAP device driver, 1.6
2026-06-07T22:22:10.325959845 [anonymous-instance:fc_vcpu 0] Failed to trigger i8042 kbd interrupt (disabled by guest OS)
[    0.077887] i8042: Failed to disable AUX port, but continuing anyway... Is this a SiS?
[    0.078445] i8042: If AUX port is really absent please use the 'i8042.noaux' option
2026-06-07T22:22:10.333177747 [anonymous-instance:fc_vcpu 0] Failed to trigger i8042 kbd interrupt (disabled by guest OS)
[    0.333036] serio: i8042 KBD port at 0x60,0x64 irq 1
[    0.335633] hidraw: raw HID events driver (C) Jiri Kosina
[    0.337513] nf_conntrack version 0.5.0 (1024 buckets, 4096 max)
[    0.339511] ip_tables: (C) 2000-2006 Netfilter Core Team
[    0.341058] Initializing XFRM netlink socket
[    0.342251] NET: Registered protocol family 10
[    0.344052] Segment Routing with IPv6
[    0.344765] NET: Registered protocol family 17
[    0.345554] Bridge firewalling registered
[    0.346296] NET: Registered protocol family 40
[    0.347901] sched_clock: Marking stable (344008500, 0)->(391346548, -47338048)
[    0.348842] registered taskstats version 1
[    0.349236] Loading compiled-in X.509 certificates
[    0.350191] Loaded X.509 cert 'Build time autogenerated kernel key: e98e9d271da5d0a322cc4d7bfaa8c2c4c3e46010'
[    0.350927] Key type encrypted registered
[    0.864608] input: AT Raw Set 2 keyboard as /devices/platform/i8042/serio0/input/input0
[    0.866950] EXT4-fs (vda): mounted filesystem with ordered data mode. Opts: (null)
[    0.868020] VFS: Mounted root (ext4 filesystem) on device 254:0.
[    0.870376] devtmpfs: mounted
[    0.872528] Freeing unused kernel memory: 1324K
[    0.880206] Write protecting the kernel read-only data: 12288k
[    0.882519] Freeing unused kernel memory: 2016K
[    0.884148] Freeing unused kernel memory: 568K
[init-agent] eth0 up; ollama=192.168.1.165:11434 model=devstral-small-2:latest script=reprovision-demo; id=uid=0(root) gid=0(root) groups=0(root)
[init-agent] starting lex-os-guest
[guest] starting; ollama=192.168.1.165:11434 model=devstral-small-2:latest script="reprovision-demo"
[    0.897489] random: fast init done
[guest] transport connected